../Core/Src/main.c:63:6:UART_SEND_TXT	24	static
../Core/Src/main.c:71:6:UART_SEND_FLT	32	static
../Core/Src/main.c:82:6:delay_us	16	static
../Core/Src/main.c:88:6:DWT_Init	0	static
../Core/Src/main.c:94:9:OneWire_Reset	40	static
../Core/Src/main.c:116:6:OneWire_WriteBit	40	static
../Core/Src/main.c:135:9:OneWire_ReadBit	40	static
../Core/Src/main.c:156:6:OneWire_WriteByte	16	static
../Core/Src/main.c:163:9:OneWire_ReadByte	16	static
../Core/Src/main.c:171:6:UART_Init	8	static,ignoring_inline_asm
../Core/Src/main.c:187:6:UART_SendString	8	static
../Core/Src/main.c:191:6:UART_ReceiveString	8	static
../Core/Src/main.c:247:6:SystemClock_Config	96	static,ignoring_inline_asm
../Core/Src/main.c:201:5:main	88	static,ignoring_inline_asm
../Core/Src/main.c:367:6:Error_Handler	0	static,ignoring_inline_asm
