../Core/Src/main.c:61:6:delay_us	32	static
../Core/Src/main.c:67:6:DWT_Init	4	static
../Core/Src/main.c:73:6:OneWire_Reset	32	static
../Core/Src/main.c:91:6:OneWire_WriteBit	40	static
../Core/Src/main.c:110:9:OneWire_ReadBit	32	static
../Core/Src/main.c:131:6:OneWire_WriteByte	24	static
../Core/Src/main.c:138:9:OneWire_ReadByte	16	static
../Core/Src/main.c:152:5:main	216	static
../Core/Src/main.c:191:6:SystemClock_Config	96	static
../Core/Src/main.c:241:13:MX_USART2_UART_Init	8	static
../Core/Src/main.c:276:13:MX_GPIO_Init	40	static
../Core/Src/main.c:310:6:Error_Handler	4	static,ignoring_inline_asm
