../Core/MyLib/liquidcrystal_i2c.c:290:13:DelayUS	8	static
../Core/MyLib/liquidcrystal_i2c.c:259:13:ExpanderWrite	24	static
../Core/MyLib/liquidcrystal_i2c.c:253:13:Write4Bits	8	static
../Core/MyLib/liquidcrystal_i2c.c:235:13:SendCommand	8	static
../Core/MyLib/liquidcrystal_i2c.c:240:13:SendChar	8	static
../Core/MyLib/liquidcrystal_i2c.c:100:6:HD44780_Clear	8	static
../Core/MyLib/liquidcrystal_i2c.c:106:6:HD44780_Home	8	static
../Core/MyLib/liquidcrystal_i2c.c:112:6:HD44780_SetCursor	24	static
../Core/MyLib/liquidcrystal_i2c.c:122:6:HD44780_NoDisplay	0	static
../Core/MyLib/liquidcrystal_i2c.c:128:6:HD44780_Display	0	static
../Core/MyLib/liquidcrystal_i2c.c:134:6:HD44780_NoCursor	0	static
../Core/MyLib/liquidcrystal_i2c.c:140:6:HD44780_Cursor	0	static
../Core/MyLib/liquidcrystal_i2c.c:146:6:HD44780_NoBlink	0	static
../Core/MyLib/liquidcrystal_i2c.c:152:6:HD44780_Blink	0	static
../Core/MyLib/liquidcrystal_i2c.c:158:6:HD44780_ScrollDisplayLeft	0	static
../Core/MyLib/liquidcrystal_i2c.c:163:6:HD44780_ScrollDisplayRight	0	static
../Core/MyLib/liquidcrystal_i2c.c:168:6:HD44780_LeftToRight	0	static
../Core/MyLib/liquidcrystal_i2c.c:174:6:HD44780_RightToLeft	0	static
../Core/MyLib/liquidcrystal_i2c.c:180:6:HD44780_AutoScroll	0	static
../Core/MyLib/liquidcrystal_i2c.c:186:6:HD44780_NoAutoScroll	0	static
../Core/MyLib/liquidcrystal_i2c.c:192:6:HD44780_CreateSpecialChar	16	static
../Core/MyLib/liquidcrystal_i2c.c:45:6:HD44780_Init	16	static,ignoring_inline_asm
../Core/MyLib/liquidcrystal_i2c.c:202:6:HD44780_PrintSpecialChar	0	static
../Core/MyLib/liquidcrystal_i2c.c:207:6:HD44780_LoadCustomCharacter	0	static
../Core/MyLib/liquidcrystal_i2c.c:212:6:HD44780_PrintStr	8	static
../Core/MyLib/liquidcrystal_i2c.c:223:6:HD44780_NoBacklight	0	static
../Core/MyLib/liquidcrystal_i2c.c:229:6:HD44780_Backlight	0	static
../Core/MyLib/liquidcrystal_i2c.c:217:6:HD44780_SetBacklight	0	static
